#nullable enable
namespace KintoneNetLibrary.Generated;

public class App3
{
    public string Text { get; set; }
    public decimal? Quantity { get; set; }
    public KintoneDateTime Date { get; set; }
    public KintoneDateTime DateTime { get; set; }
    public KintoneTimeOnly Time { get; set; }
    public List<string> Checkbox { get; set; }
    public List<string> Multi { get; set; }
    public List<KintoneFile> File { get; set; }
    public List<KintoneUser> Assignee { get; set; }
    public List<KintoneGroup> Group { get; set; }
    public List<KintoneOrganization> Org { get; set; }
    public List<Details> Details { get; set; }
}

public class Details
{
    public string Item { get; set; }
    public decimal? Quantity { get; set; }
    public decimal? Price { get; set; }
}

