#nullable enable
namespace KintoneNetLibrary.Generated;

public class App2
{
    public string CustomerName { get; set; }
    public List<OrderItems> OrderItems { get; set; }
}

public class OrderItems
{
    public string ItemName { get; set; }
    public decimal? Quantity { get; set; }
    public decimal? UnitPrice { get; set; }
}

